// Jest Snapshot v1, https://goo.gl/fbAQLP

exports[`Search component renders Search 1`] = `
<DocumentFragment>
  <label
    for="search"
  >
    News Search
  </label>
  <input
    id="search"
    name="search"
    type="search"
    value="Test"
  />
  <button
    data-testid="button"
  >
    Search For Articles
  </button>
</DocumentFragment>
`;
