// Jest Snapshot v1, https://goo.gl/fbAQLP

exports[`Article component renders Article 1`] = `
<DocumentFragment>
  <h1>
    Test Article
  </h1>
  <p>
    GnarWall
  </p>
  <p>
    Things and stuff
  </p>
</DocumentFragment>
`;
