// Jest Snapshot v1, https://goo.gl/fbAQLP

exports[`Loading component renders Loading Screen 1`] = `
<DocumentFragment>
  <img
    alt="Helga walking while screen loads"
    class="Loading"
    src="https://media.giphy.com/media/26Ff1nps1k57NTH2w/giphy.gif"
  />
</DocumentFragment>
`;
